// Jest Snapshot v1, https://goo.gl/fbAQLP

exports[`<App/> renders correctly 1`] = `
<View>
  <Text>
    Training App
  </Text>
  <View
    accessibilityState={
      {
        "busy": undefined,
        "checked": undefined,
        "disabled": undefined,
        "expanded": undefined,
        "selected": undefined,
      }
    }
    accessibilityValue={
      {
        "max": undefined,
        "min": undefined,
        "now": undefined,
        "text": undefined,
      }
    }
    accessible={true}
    collapsable={false}
    focusable={true}
    onClick={[Function]}
    onResponderGrant={[Function]}
    onResponderMove={[Function]}
    onResponderRelease={[Function]}
    onResponderTerminate={[Function]}
    onResponderTerminationRequest={[Function]}
    onStartShouldSetResponder={[Function]}
    style={
      {
        "backgroundColor": "#ff77ff",
        "borderRadius": 17,
        "marginHorizontal": "21%",
        "opacity": 1,
      }
    }
  >
    <Text
      style={
        {
          "color": "#ffffff",
          "fontSize": 24,
          "padding": 11,
          "textAlign": "center",
        }
      }
    >
      Click ME!!
    </Text>
  </View>
</View>
`;
